------------------------------------------------------------
Timing Analyzer Summary
------------------------------------------------------------

Type  : Slow 1100mV 85C Model Setup 'clk'
Slack : 16.565
TNS   : 0.000

Type  : Slow 1100mV 85C Model Hold 'clk'
Slack : 0.443
TNS   : 0.000

Type  : Slow 1100mV 85C Model Minimum Pulse Width 'clk'
Slack : 9.406
TNS   : 0.000

Type  : Slow 1100mV 0C Model Setup 'clk'
Slack : 16.730
TNS   : 0.000

Type  : Slow 1100mV 0C Model Hold 'clk'
Slack : 0.439
TNS   : 0.000

Type  : Slow 1100mV 0C Model Minimum Pulse Width 'clk'
Slack : 9.329
TNS   : 0.000

Type  : Fast 1100mV 85C Model Setup 'clk'
Slack : 17.845
TNS   : 0.000

Type  : Fast 1100mV 85C Model Hold 'clk'
Slack : 0.208
TNS   : 0.000

Type  : Fast 1100mV 85C Model Minimum Pulse Width 'clk'
Slack : 9.407
TNS   : 0.000

Type  : Fast 1100mV 0C Model Setup 'clk'
Slack : 18.067
TNS   : 0.000

Type  : Fast 1100mV 0C Model Hold 'clk'
Slack : 0.198
TNS   : 0.000

Type  : Fast 1100mV 0C Model Minimum Pulse Width 'clk'
Slack : 9.410
TNS   : 0.000

------------------------------------------------------------
