------------------------------------------------------------
Timing Analyzer Summary
------------------------------------------------------------

Type  : Slow 1100mV 85C Model Setup 'clk'
Slack : -5.283
TNS   : -375.028

Type  : Slow 1100mV 85C Model Hold 'clk'
Slack : 0.298
TNS   : 0.000

Type  : Slow 1100mV 85C Model Minimum Pulse Width 'clk'
Slack : -2.174
TNS   : -229.521

Type  : Slow 1100mV 0C Model Setup 'clk'
Slack : -5.187
TNS   : -369.295

Type  : Slow 1100mV 0C Model Hold 'clk'
Slack : 0.283
TNS   : 0.000

Type  : Slow 1100mV 0C Model Minimum Pulse Width 'clk'
Slack : -2.174
TNS   : -234.456

Type  : Fast 1100mV 85C Model Setup 'clk'
Slack : -2.635
TNS   : -185.056

Type  : Fast 1100mV 85C Model Hold 'clk'
Slack : 0.173
TNS   : 0.000

Type  : Fast 1100mV 85C Model Minimum Pulse Width 'clk'
Slack : -2.174
TNS   : -172.116

Type  : Fast 1100mV 0C Model Setup 'clk'
Slack : -2.326
TNS   : -164.718

Type  : Fast 1100mV 0C Model Hold 'clk'
Slack : 0.156
TNS   : 0.000

Type  : Fast 1100mV 0C Model Minimum Pulse Width 'clk'
Slack : -2.174
TNS   : -172.080

------------------------------------------------------------
