------------------------------------------------------------
Timing Analyzer Summary
------------------------------------------------------------

Type  : Slow 1100mV 85C Model Setup 'clk'
Slack : -6.039
TNS   : -374.990

Type  : Slow 1100mV 85C Model Hold 'clk'
Slack : 0.290
TNS   : 0.000

Type  : Slow 1100mV 85C Model Minimum Pulse Width 'clk'
Slack : -2.174
TNS   : -230.173

Type  : Slow 1100mV 0C Model Setup 'clk'
Slack : -5.858
TNS   : -369.216

Type  : Slow 1100mV 0C Model Hold 'clk'
Slack : 0.274
TNS   : 0.000

Type  : Slow 1100mV 0C Model Minimum Pulse Width 'clk'
Slack : -2.174
TNS   : -234.741

Type  : Fast 1100mV 85C Model Setup 'clk'
Slack : -3.026
TNS   : -183.487

Type  : Fast 1100mV 85C Model Hold 'clk'
Slack : 0.166
TNS   : 0.000

Type  : Fast 1100mV 85C Model Minimum Pulse Width 'clk'
Slack : -2.174
TNS   : -172.117

Type  : Fast 1100mV 0C Model Setup 'clk'
Slack : -2.662
TNS   : -163.955

Type  : Fast 1100mV 0C Model Hold 'clk'
Slack : 0.150
TNS   : 0.000

Type  : Fast 1100mV 0C Model Minimum Pulse Width 'clk'
Slack : -2.174
TNS   : -172.165

------------------------------------------------------------
