------------------------------------------------------------
Timing Analyzer Summary
------------------------------------------------------------

Type  : Slow 1100mV 85C Model Setup 'clk50Mhz'
Slack : -3.429
TNS   : -39.419

Type  : Slow 1100mV 85C Model Setup 'vgaControl:vgaController|clock_divider_25mhz:clkDiv|clk25Mhz'
Slack : -2.152
TNS   : -95.042

Type  : Slow 1100mV 85C Model Hold 'vgaControl:vgaController|clock_divider_25mhz:clkDiv|clk25Mhz'
Slack : 0.285
TNS   : 0.000

Type  : Slow 1100mV 85C Model Hold 'clk50Mhz'
Slack : 0.365
TNS   : 0.000

Type  : Slow 1100mV 85C Model Minimum Pulse Width 'clk50Mhz'
Slack : -0.499
TNS   : -16.489

Type  : Slow 1100mV 85C Model Minimum Pulse Width 'vgaControl:vgaController|clock_divider_25mhz:clkDiv|clk25Mhz'
Slack : -0.394
TNS   : -24.731

Type  : Slow 1100mV 0C Model Setup 'clk50Mhz'
Slack : -3.202
TNS   : -39.774

Type  : Slow 1100mV 0C Model Setup 'vgaControl:vgaController|clock_divider_25mhz:clkDiv|clk25Mhz'
Slack : -2.092
TNS   : -90.843

Type  : Slow 1100mV 0C Model Hold 'vgaControl:vgaController|clock_divider_25mhz:clkDiv|clk25Mhz'
Slack : 0.284
TNS   : 0.000

Type  : Slow 1100mV 0C Model Hold 'clk50Mhz'
Slack : 0.376
TNS   : 0.000

Type  : Slow 1100mV 0C Model Minimum Pulse Width 'clk50Mhz'
Slack : -0.473
TNS   : -17.649

Type  : Slow 1100mV 0C Model Minimum Pulse Width 'vgaControl:vgaController|clock_divider_25mhz:clkDiv|clk25Mhz'
Slack : -0.394
TNS   : -24.857

Type  : Fast 1100mV 85C Model Setup 'clk50Mhz'
Slack : -2.499
TNS   : -12.265

Type  : Fast 1100mV 85C Model Setup 'vgaControl:vgaController|clock_divider_25mhz:clkDiv|clk25Mhz'
Slack : -0.956
TNS   : -41.425

Type  : Fast 1100mV 85C Model Hold 'vgaControl:vgaController|clock_divider_25mhz:clkDiv|clk25Mhz'
Slack : 0.099
TNS   : 0.000

Type  : Fast 1100mV 85C Model Hold 'clk50Mhz'
Slack : 0.180
TNS   : 0.000

Type  : Fast 1100mV 85C Model Minimum Pulse Width 'clk50Mhz'
Slack : -0.458
TNS   : -3.222

Type  : Fast 1100mV 85C Model Minimum Pulse Width 'vgaControl:vgaController|clock_divider_25mhz:clkDiv|clk25Mhz'
Slack : 0.076
TNS   : 0.000

Type  : Fast 1100mV 0C Model Setup 'clk50Mhz'
Slack : -2.050
TNS   : -10.301

Type  : Fast 1100mV 0C Model Setup 'vgaControl:vgaController|clock_divider_25mhz:clkDiv|clk25Mhz'
Slack : -0.826
TNS   : -35.396

Type  : Fast 1100mV 0C Model Hold 'vgaControl:vgaController|clock_divider_25mhz:clkDiv|clk25Mhz'
Slack : 0.084
TNS   : 0.000

Type  : Fast 1100mV 0C Model Hold 'clk50Mhz'
Slack : 0.171
TNS   : 0.000

Type  : Fast 1100mV 0C Model Minimum Pulse Width 'clk50Mhz'
Slack : -0.436
TNS   : -3.170

Type  : Fast 1100mV 0C Model Minimum Pulse Width 'vgaControl:vgaController|clock_divider_25mhz:clkDiv|clk25Mhz'
Slack : 0.093
TNS   : 0.000

------------------------------------------------------------
