Analysis & Synthesis report for VGA
Fri Sep 27 09:05:28 2024
Quartus Prime Version 23.1std.1 Build 993 05/14/2024 SC Lite Edition


---------------------
; Table of Contents ;
---------------------
  1. Legal Notice
  2. Analysis & Synthesis Summary
  3. Analysis & Synthesis Settings
  4. Parallel Compilation
  5. Analysis & Synthesis Source Files Read
  6. Analysis & Synthesis Resource Usage Summary
  7. Analysis & Synthesis Resource Utilization by Entity
  8. Registers Removed During Synthesis
  9. Removed Registers Triggering Further Register Optimizations
 10. General Register Statistics
 11. Inverted Register Statistics
 12. Multiplexer Restructuring Statistics (Restructuring Performed)
 13. Parameter Settings for User Entity Instance: bitGen2:bitgen
 14. Parameter Settings for User Entity Instance: thunderbird:tBird|counter:ctr
 15. Port Connectivity Checks: "thunderbird:tBird|counter:ctr"
 16. Port Connectivity Checks: "bitGen2:bitgen"
 17. Port Connectivity Checks: "vgaControl:vgaController"
 18. Post-Synthesis Netlist Statistics for Top Partition
 19. Elapsed Time Per Partition
 20. Analysis & Synthesis Messages
 21. Analysis & Synthesis Suppressed Messages



----------------
; Legal Notice ;
----------------
Copyright (C) 2024  Intel Corporation. All rights reserved.
Your use of Intel Corporation's design tools, logic functions 
and other software and tools, and any partner logic 
functions, and any output files from any of the foregoing 
(including device programming or simulation files), and any 
associated documentation or information are expressly subject 
to the terms and conditions of the Intel Program License 
Subscription Agreement, the Intel Quartus Prime License Agreement,
the Intel FPGA IP License Agreement, or other applicable license
agreement, including, without limitation, that your use is for
the sole purpose of programming logic devices manufactured by
Intel and sold by Intel or its authorized distributors.  Please
refer to the applicable agreement for further details, at
https://fpgasoftware.intel.com/eula.



+----------------------------------------------------------------------------------+
; Analysis & Synthesis Summary                                                     ;
+---------------------------------+------------------------------------------------+
; Analysis & Synthesis Status     ; Successful - Fri Sep 27 09:05:28 2024          ;
; Quartus Prime Version           ; 23.1std.1 Build 993 05/14/2024 SC Lite Edition ;
; Revision Name                   ; VGA                                            ;
; Top-level Entity Name           ; VGA                                            ;
; Family                          ; Cyclone V                                      ;
; Logic utilization (in ALMs)     ; N/A                                            ;
; Total registers                 ; 60                                             ;
; Total pins                      ; 50                                             ;
; Total virtual pins              ; 0                                              ;
; Total block memory bits         ; 0                                              ;
; Total DSP Blocks                ; 0                                              ;
; Total HSSI RX PCSs              ; 0                                              ;
; Total HSSI PMA RX Deserializers ; 0                                              ;
; Total HSSI TX PCSs              ; 0                                              ;
; Total HSSI PMA TX Serializers   ; 0                                              ;
; Total PLLs                      ; 0                                              ;
; Total DLLs                      ; 0                                              ;
+---------------------------------+------------------------------------------------+


+---------------------------------------------------------------------------------------------------------------------------+
; Analysis & Synthesis Settings                                                                                             ;
+---------------------------------------------------------------------------------+--------------------+--------------------+
; Option                                                                          ; Setting            ; Default Value      ;
+---------------------------------------------------------------------------------+--------------------+--------------------+
; Device                                                                          ; 5CSEMA5F31C6       ;                    ;
; Top-level entity name                                                           ; VGA                ; VGA                ;
; Family name                                                                     ; Cyclone V          ; Cyclone V          ;
; Use smart compilation                                                           ; Off                ; Off                ;
; Enable parallel Assembler and Timing Analyzer during compilation                ; On                 ; On                 ;
; Enable compact report table                                                     ; Off                ; Off                ;
; Restructure Multiplexers                                                        ; Auto               ; Auto               ;
; MLAB Add Timing Constraints For Mixed-Port Feed-Through Mode Setting Don't Care ; Off                ; Off                ;
; Create Debugging Nodes for IP Cores                                             ; Off                ; Off                ;
; Preserve fewer node names                                                       ; On                 ; On                 ;
; Intel FPGA IP Evaluation Mode                                                   ; Enable             ; Enable             ;
; Verilog Version                                                                 ; Verilog_2001       ; Verilog_2001       ;
; VHDL Version                                                                    ; VHDL_1993          ; VHDL_1993          ;
; State Machine Processing                                                        ; Auto               ; Auto               ;
; Safe State Machine                                                              ; Off                ; Off                ;
; Extract Verilog State Machines                                                  ; On                 ; On                 ;
; Extract VHDL State Machines                                                     ; On                 ; On                 ;
; Ignore Verilog initial constructs                                               ; Off                ; Off                ;
; Iteration limit for constant Verilog loops                                      ; 5000               ; 5000               ;
; Iteration limit for non-constant Verilog loops                                  ; 250                ; 250                ;
; Add Pass-Through Logic to Inferred RAMs                                         ; On                 ; On                 ;
; Infer RAMs from Raw Logic                                                       ; On                 ; On                 ;
; Parallel Synthesis                                                              ; On                 ; On                 ;
; DSP Block Balancing                                                             ; Auto               ; Auto               ;
; NOT Gate Push-Back                                                              ; On                 ; On                 ;
; Power-Up Don't Care                                                             ; On                 ; On                 ;
; Remove Redundant Logic Cells                                                    ; Off                ; Off                ;
; Remove Duplicate Registers                                                      ; On                 ; On                 ;
; Ignore CARRY Buffers                                                            ; Off                ; Off                ;
; Ignore CASCADE Buffers                                                          ; Off                ; Off                ;
; Ignore GLOBAL Buffers                                                           ; Off                ; Off                ;
; Ignore ROW GLOBAL Buffers                                                       ; Off                ; Off                ;
; Ignore LCELL Buffers                                                            ; Off                ; Off                ;
; Ignore SOFT Buffers                                                             ; On                 ; On                 ;
; Limit AHDL Integers to 32 Bits                                                  ; Off                ; Off                ;
; Optimization Technique                                                          ; Balanced           ; Balanced           ;
; Carry Chain Length                                                              ; 70                 ; 70                 ;
; Auto Carry Chains                                                               ; On                 ; On                 ;
; Auto Open-Drain Pins                                                            ; On                 ; On                 ;
; Perform WYSIWYG Primitive Resynthesis                                           ; Off                ; Off                ;
; Auto ROM Replacement                                                            ; On                 ; On                 ;
; Auto RAM Replacement                                                            ; On                 ; On                 ;
; Auto DSP Block Replacement                                                      ; On                 ; On                 ;
; Auto Shift Register Replacement                                                 ; Auto               ; Auto               ;
; Allow Shift Register Merging across Hierarchies                                 ; Auto               ; Auto               ;
; Auto Clock Enable Replacement                                                   ; On                 ; On                 ;
; Strict RAM Replacement                                                          ; Off                ; Off                ;
; Allow Synchronous Control Signals                                               ; On                 ; On                 ;
; Force Use of Synchronous Clear Signals                                          ; Off                ; Off                ;
; Auto Resource Sharing                                                           ; Off                ; Off                ;
; Allow Any RAM Size For Recognition                                              ; Off                ; Off                ;
; Allow Any ROM Size For Recognition                                              ; Off                ; Off                ;
; Allow Any Shift Register Size For Recognition                                   ; Off                ; Off                ;
; Use LogicLock Constraints during Resource Balancing                             ; On                 ; On                 ;
; Ignore translate_off and synthesis_off directives                               ; Off                ; Off                ;
; Timing-Driven Synthesis                                                         ; On                 ; On                 ;
; Report Parameter Settings                                                       ; On                 ; On                 ;
; Report Source Assignments                                                       ; On                 ; On                 ;
; Report Connectivity Checks                                                      ; On                 ; On                 ;
; Ignore Maximum Fan-Out Assignments                                              ; Off                ; Off                ;
; Synchronization Register Chain Length                                           ; 3                  ; 3                  ;
; Power Optimization During Synthesis                                             ; Normal compilation ; Normal compilation ;
; HDL message level                                                               ; Level2             ; Level2             ;
; Suppress Register Optimization Related Messages                                 ; Off                ; Off                ;
; Number of Removed Registers Reported in Synthesis Report                        ; 5000               ; 5000               ;
; Number of Swept Nodes Reported in Synthesis Report                              ; 5000               ; 5000               ;
; Number of Inverted Registers Reported in Synthesis Report                       ; 100                ; 100                ;
; Clock MUX Protection                                                            ; On                 ; On                 ;
; Auto Gated Clock Conversion                                                     ; Off                ; Off                ;
; Block Design Naming                                                             ; Auto               ; Auto               ;
; SDC constraint protection                                                       ; Off                ; Off                ;
; Synthesis Effort                                                                ; Auto               ; Auto               ;
; Shift Register Replacement - Allow Asynchronous Clear Signal                    ; On                 ; On                 ;
; Pre-Mapping Resynthesis Optimization                                            ; Off                ; Off                ;
; Analysis & Synthesis Message Level                                              ; Medium             ; Medium             ;
; Disable Register Merging Across Hierarchies                                     ; Auto               ; Auto               ;
; Resource Aware Inference For Block RAM                                          ; On                 ; On                 ;
; Automatic Parallel Synthesis                                                    ; On                 ; On                 ;
; Partial Reconfiguration Bitstream ID                                            ; Off                ; Off                ;
+---------------------------------------------------------------------------------+--------------------+--------------------+


+------------------------------------------+
; Parallel Compilation                     ;
+----------------------------+-------------+
; Processors                 ; Number      ;
+----------------------------+-------------+
; Number detected on machine ; 16          ;
; Maximum allowed            ; 8           ;
;                            ;             ;
; Average used               ; 1.00        ;
; Maximum used               ; 8           ;
;                            ;             ;
; Usage by Processor         ; % Time Used ;
;     Processor 1            ; 100.0%      ;
;     Processors 2-8         ;   0.0%      ;
+----------------------------+-------------+


+-------------------------------------------------------------------------------------------------------------------------------------------------------------+
; Analysis & Synthesis Source Files Read                                                                                                                      ;
+----------------------------------+-----------------+------------------------+---------------------------------------------------------------------+---------+
; File Name with User-Entered Path ; Used in Netlist ; File Type              ; File Name with Absolute Path                                        ; Library ;
+----------------------------------+-----------------+------------------------+---------------------------------------------------------------------+---------+
; thunderbird.v                    ; yes             ; User Verilog HDL File  ; C:/Users/jared/Desktop/Fall 2024/ECE-3710/Quartas/VGA/thunderbird.v ;         ;
; counter.v                        ; yes             ; User Verilog HDL File  ; C:/Users/jared/Desktop/Fall 2024/ECE-3710/Quartas/VGA/counter.v     ;         ;
; vgaControl.v                     ; yes             ; User Verilog HDL File  ; C:/Users/jared/Desktop/Fall 2024/ECE-3710/Quartas/VGA/vgaControl.v  ;         ;
; divider.v                        ; yes             ; User Verilog HDL File  ; C:/Users/jared/Desktop/Fall 2024/ECE-3710/Quartas/VGA/divider.v     ;         ;
; VGA.v                            ; yes             ; User Verilog HDL File  ; C:/Users/jared/Desktop/Fall 2024/ECE-3710/Quartas/VGA/VGA.v         ;         ;
; bitgen2.v                        ; yes             ; User Verilog HDL File  ; C:/Users/jared/Desktop/Fall 2024/ECE-3710/Quartas/VGA/bitgen2.v     ;         ;
+----------------------------------+-----------------+------------------------+---------------------------------------------------------------------+---------+


+-----------------------------------------------------------+
; Analysis & Synthesis Resource Usage Summary               ;
+---------------------------------------------+-------------+
; Resource                                    ; Usage       ;
+---------------------------------------------+-------------+
; Estimate of Logic utilization (ALMs needed) ; 52          ;
;                                             ;             ;
; Combinational ALUT usage for logic          ; 94          ;
;     -- 7 input functions                    ; 0           ;
;     -- 6 input functions                    ; 10          ;
;     -- 5 input functions                    ; 9           ;
;     -- 4 input functions                    ; 5           ;
;     -- <=3 input functions                  ; 70          ;
;                                             ;             ;
; Dedicated logic registers                   ; 60          ;
;                                             ;             ;
; I/O pins                                    ; 50          ;
;                                             ;             ;
; Total DSP Blocks                            ; 0           ;
;                                             ;             ;
; Maximum fan-out node                        ; reset~input ;
; Maximum fan-out                             ; 34          ;
; Total fan-out                               ; 585         ;
; Average fan-out                             ; 2.30        ;
+---------------------------------------------+-------------+


+---------------------------------------------------------------------------------------------------------------------------------------------------------------------------------------------------------------------------------------------+
; Analysis & Synthesis Resource Utilization by Entity                                                                                                                                                                                         ;
+------------------------------------+---------------------+---------------------------+-------------------+------------+------+--------------+----------------------------------------------------------+---------------------+--------------+
; Compilation Hierarchy Node         ; Combinational ALUTs ; Dedicated Logic Registers ; Block Memory Bits ; DSP Blocks ; Pins ; Virtual Pins ; Full Hierarchy Name                                      ; Entity Name         ; Library Name ;
+------------------------------------+---------------------+---------------------------+-------------------+------------+------+--------------+----------------------------------------------------------+---------------------+--------------+
; |VGA                               ; 94 (0)              ; 60 (0)                    ; 0                 ; 0          ; 50   ; 0            ; |VGA                                                     ; VGA                 ; work         ;
;    |bitGen2:bitgen|                ; 10 (10)             ; 0 (0)                     ; 0                 ; 0          ; 0    ; 0            ; |VGA|bitGen2:bitgen                                      ; bitGen2             ; work         ;
;    |thunderbird:tBird|             ; 39 (11)             ; 30 (3)                    ; 0                 ; 0          ; 0    ; 0            ; |VGA|thunderbird:tBird                                   ; thunderbird         ; work         ;
;       |counter:ctr|                ; 28 (28)             ; 27 (27)                   ; 0                 ; 0          ; 0    ; 0            ; |VGA|thunderbird:tBird|counter:ctr                       ; counter             ; work         ;
;    |vgaControl:vgaController|      ; 45 (44)             ; 30 (29)                   ; 0                 ; 0          ; 0    ; 0            ; |VGA|vgaControl:vgaController                            ; vgaControl          ; work         ;
;       |clock_divider_25mhz:clkDiv| ; 1 (1)               ; 1 (1)                     ; 0                 ; 0          ; 0    ; 0            ; |VGA|vgaControl:vgaController|clock_divider_25mhz:clkDiv ; clock_divider_25mhz ; work         ;
+------------------------------------+---------------------+---------------------------+-------------------+------------+------+--------------+----------------------------------------------------------+---------------------+--------------+
Note: For table entries with two numbers listed, the numbers in parentheses indicate the number of resources of the given type used by the specific entity alone. The numbers listed outside of parentheses indicate the total resources of the given type used by the specific entity and all of its sub-entities in the hierarchy.


+------------------------------------------------------------------+
; Registers Removed During Synthesis                               ;
+---------------------------------------------+--------------------+
; Register name                               ; Reason for Removal ;
+---------------------------------------------+--------------------+
; thunderbird:tBird|counter:ctr|count[27..31] ; Lost fanout        ;
; Total Number of Removed Registers = 5       ;                    ;
+---------------------------------------------+--------------------+


+--------------------------------------------------------------------------------------------------------------------------------------------------+
; Removed Registers Triggering Further Register Optimizations                                                                                      ;
+-----------------------------------------+--------------------+-----------------------------------------------------------------------------------+
; Register name                           ; Reason for Removal ; Registers Removed due to This Register                                            ;
+-----------------------------------------+--------------------+-----------------------------------------------------------------------------------+
; thunderbird:tBird|counter:ctr|count[31] ; Lost Fanouts       ; thunderbird:tBird|counter:ctr|count[30], thunderbird:tBird|counter:ctr|count[29], ;
;                                         ;                    ; thunderbird:tBird|counter:ctr|count[28], thunderbird:tBird|counter:ctr|count[27]  ;
+-----------------------------------------+--------------------+-----------------------------------------------------------------------------------+


+------------------------------------------------------+
; General Register Statistics                          ;
+----------------------------------------------+-------+
; Statistic                                    ; Value ;
+----------------------------------------------+-------+
; Total registers                              ; 60    ;
; Number of registers using Synchronous Clear  ; 53    ;
; Number of registers using Synchronous Load   ; 0     ;
; Number of registers using Asynchronous Clear ; 33    ;
; Number of registers using Asynchronous Load  ; 0     ;
; Number of registers using Clock Enable       ; 16    ;
; Number of registers using Preset             ; 0     ;
+----------------------------------------------+-------+


+--------------------------------------------------+
; Inverted Register Statistics                     ;
+----------------------------------------+---------+
; Inverted Register                      ; Fan out ;
+----------------------------------------+---------+
; vgaControl:vgaController|hSync         ; 2       ;
; vgaControl:vgaController|vSync         ; 2       ;
; Total number of inverted registers = 2 ;         ;
+----------------------------------------+---------+


+------------------------------------------------------------------------------------------------------------------------------------------------------------+
; Multiplexer Restructuring Statistics (Restructuring Performed)                                                                                             ;
+--------------------+-----------+---------------+----------------------+------------------------+------------+----------------------------------------------+
; Multiplexer Inputs ; Bus Width ; Baseline Area ; Area if Restructured ; Saving if Restructured ; Registered ; Example Multiplexer Output                   ;
+--------------------+-----------+---------------+----------------------+------------------------+------------+----------------------------------------------+
; 3:1                ; 32 bits   ; 64 LEs        ; 0 LEs                ; 64 LEs                 ; Yes        ; |VGA|thunderbird:tBird|counter:ctr|count[11] ;
; 3:1                ; 2 bits    ; 4 LEs         ; 4 LEs                ; 0 LEs                  ; No         ; |VGA|bitGen2:bitgen|G[0]                     ;
+--------------------+-----------+---------------+----------------------+------------------------+------------+----------------------------------------------+


+-------------------------------------------------------------+
; Parameter Settings for User Entity Instance: bitGen2:bitgen ;
+----------------+----------+---------------------------------+
; Parameter Name ; Value    ; Type                            ;
+----------------+----------+---------------------------------+
; ON             ; 11111111 ; Unsigned Binary                 ;
; OFF            ; 00000000 ; Unsigned Binary                 ;
+----------------+----------+---------------------------------+
Note: In order to hide this table in the UI and the text report file, please set the "Show Parameter Settings in Synthesis Report" option in "Analysis and Synthesis Settings -> More Settings" to "Off".


+----------------------------------------------------------------------------+
; Parameter Settings for User Entity Instance: thunderbird:tBird|counter:ctr ;
+----------------+-------+---------------------------------------------------+
; Parameter Name ; Value ; Type                                              ;
+----------------+-------+---------------------------------------------------+
; width          ; 32    ; Signed Integer                                    ;
+----------------+-------+---------------------------------------------------+
Note: In order to hide this table in the UI and the text report file, please set the "Show Parameter Settings in Synthesis Report" option in "Analysis and Synthesis Settings -> More Settings" to "Off".


+-------------------------------------------------------------------------------------------------------------------------+
; Port Connectivity Checks: "thunderbird:tBird|counter:ctr"                                                               ;
+---------------+--------+----------+-------------------------------------------------------------------------------------+
; Port          ; Type   ; Severity ; Details                                                                             ;
+---------------+--------+----------+-------------------------------------------------------------------------------------+
; count[31..27] ; Output ; Info     ; Connected to dangling logic. Logic that only feeds a dangling port will be removed. ;
; count[25..0]  ; Output ; Info     ; Connected to dangling logic. Logic that only feeds a dangling port will be removed. ;
+---------------+--------+----------+-------------------------------------------------------------------------------------+


+----------------------------------------------------------------------------------------------------------------------------------------------------------------------------------------------------------------+
; Port Connectivity Checks: "bitGen2:bitgen"                                                                                                                                                                     ;
+--------+-------+----------+------------------------------------------------------------------------------------------------------------------------------------------------------------------------------------+
; Port   ; Type  ; Severity ; Details                                                                                                                                                                            ;
+--------+-------+----------+------------------------------------------------------------------------------------------------------------------------------------------------------------------------------------+
; hCount ; Input ; Warning  ; Input port expression (13 bits) is wider than the input port (10 bits) it drives.  The 3 most-significant bit(s) in the expression will be dangling if they have no other fanouts. ;
; vCount ; Input ; Warning  ; Input port expression (13 bits) is wider than the input port (10 bits) it drives.  The 3 most-significant bit(s) in the expression will be dangling if they have no other fanouts. ;
+--------+-------+----------+------------------------------------------------------------------------------------------------------------------------------------------------------------------------------------+


+--------------------------------------------------------------------------------------------------------------------------+
; Port Connectivity Checks: "vgaControl:vgaController"                                                                     ;
+----------------+--------+----------+-------------------------------------------------------------------------------------+
; Port           ; Type   ; Severity ; Details                                                                             ;
+----------------+--------+----------+-------------------------------------------------------------------------------------+
; hCount[12..10] ; Output ; Info     ; Connected to dangling logic. Logic that only feeds a dangling port will be removed. ;
; vCount[12..10] ; Output ; Info     ; Connected to dangling logic. Logic that only feeds a dangling port will be removed. ;
+----------------+--------+----------+-------------------------------------------------------------------------------------+


+-----------------------------------------------------+
; Post-Synthesis Netlist Statistics for Top Partition ;
+-----------------------+-----------------------------+
; Type                  ; Count                       ;
+-----------------------+-----------------------------+
; arriav_ff             ; 60                          ;
;     CLR               ; 4                           ;
;     CLR SCLR          ; 13                          ;
;     ENA CLR           ; 3                           ;
;     ENA CLR SCLR      ; 13                          ;
;     SCLR              ; 27                          ;
; arriav_lcell_comb     ; 104                         ;
;     arith             ; 53                          ;
;         1 data inputs ; 53                          ;
;     normal            ; 51                          ;
;         0 data inputs ; 2                           ;
;         1 data inputs ; 9                           ;
;         2 data inputs ; 4                           ;
;         3 data inputs ; 12                          ;
;         4 data inputs ; 5                           ;
;         5 data inputs ; 9                           ;
;         6 data inputs ; 10                          ;
; boundary_port         ; 50                          ;
;                       ;                             ;
; Max LUT depth         ; 3.60                        ;
; Average LUT depth     ; 2.19                        ;
+-----------------------+-----------------------------+


+-------------------------------+
; Elapsed Time Per Partition    ;
+----------------+--------------+
; Partition Name ; Elapsed Time ;
+----------------+--------------+
; Top            ; 00:00:00     ;
+----------------+--------------+


+-------------------------------+
; Analysis & Synthesis Messages ;
+-------------------------------+
Info: *******************************************************************
Info: Running Quartus Prime Analysis & Synthesis
    Info: Version 23.1std.1 Build 993 05/14/2024 SC Lite Edition
    Info: Processing started: Fri Sep 27 09:05:22 2024
Info: Command: quartus_map --read_settings_files=on --write_settings_files=off VGA -c VGA
Warning (18236): Number of processors has not been specified which may cause overloading on shared machines.  Set the global assignment NUM_PARALLEL_PROCESSORS in your QSF to an appropriate value for best performance.
Info (20030): Parallel compilation is enabled and will use 8 of the 8 processors detected
Info (12021): Found 1 design units, including 1 entities, in source file thunderbird.v
    Info (12023): Found entity 1: thunderbird File: C:/Users/jared/Desktop/Fall 2024/ECE-3710/Quartas/VGA/thunderbird.v Line: 1
Info (12021): Found 1 design units, including 1 entities, in source file counter.v
    Info (12023): Found entity 1: counter File: C:/Users/jared/Desktop/Fall 2024/ECE-3710/Quartas/VGA/counter.v Line: 1
Info (12021): Found 1 design units, including 1 entities, in source file vgacontrol.v
    Info (12023): Found entity 1: vgaControl File: C:/Users/jared/Desktop/Fall 2024/ECE-3710/Quartas/VGA/vgaControl.v Line: 1
Info (12021): Found 1 design units, including 1 entities, in source file divider.v
    Info (12023): Found entity 1: clock_divider_25mhz File: C:/Users/jared/Desktop/Fall 2024/ECE-3710/Quartas/VGA/divider.v Line: 1
Info (12021): Found 1 design units, including 1 entities, in source file bitgen.v
    Info (12023): Found entity 1: bitGen File: C:/Users/jared/Desktop/Fall 2024/ECE-3710/Quartas/VGA/bitGen.v Line: 1
Info (12021): Found 1 design units, including 1 entities, in source file vga.v
    Info (12023): Found entity 1: VGA File: C:/Users/jared/Desktop/Fall 2024/ECE-3710/Quartas/VGA/VGA.v Line: 2
Info (12021): Found 1 design units, including 1 entities, in source file tb_vga.v
    Info (12023): Found entity 1: tb_VGA File: C:/Users/jared/Desktop/Fall 2024/ECE-3710/Quartas/VGA/tb_VGA.v Line: 1
Info (12021): Found 1 design units, including 1 entities, in source file bitgen2.v
    Info (12023): Found entity 1: bitGen2 File: C:/Users/jared/Desktop/Fall 2024/ECE-3710/Quartas/VGA/bitgen2.v Line: 1
Info (12127): Elaborating entity "VGA" for the top level hierarchy
Info (12128): Elaborating entity "vgaControl" for hierarchy "vgaControl:vgaController" File: C:/Users/jared/Desktop/Fall 2024/ECE-3710/Quartas/VGA/VGA.v Line: 31
Info (12128): Elaborating entity "clock_divider_25mhz" for hierarchy "vgaControl:vgaController|clock_divider_25mhz:clkDiv" File: C:/Users/jared/Desktop/Fall 2024/ECE-3710/Quartas/VGA/vgaControl.v Line: 36
Info (12128): Elaborating entity "bitGen2" for hierarchy "bitGen2:bitgen" File: C:/Users/jared/Desktop/Fall 2024/ECE-3710/Quartas/VGA/VGA.v Line: 60
Info (12128): Elaborating entity "thunderbird" for hierarchy "thunderbird:tBird" File: C:/Users/jared/Desktop/Fall 2024/ECE-3710/Quartas/VGA/VGA.v Line: 74
Info (12128): Elaborating entity "counter" for hierarchy "thunderbird:tBird|counter:ctr" File: C:/Users/jared/Desktop/Fall 2024/ECE-3710/Quartas/VGA/thunderbird.v Line: 37
Warning (12241): 1 hierarchies have connectivity warnings - see the Connectivity Checks report folder
Warning (13024): Output pins are stuck at VCC or GND
    Warning (13410): Pin "sync_n" is stuck at GND File: C:/Users/jared/Desktop/Fall 2024/ECE-3710/Quartas/VGA/VGA.v Line: 7
    Warning (13410): Pin "HEX[0]" is stuck at VCC File: C:/Users/jared/Desktop/Fall 2024/ECE-3710/Quartas/VGA/VGA.v Line: 14
Info (286030): Timing-Driven Synthesis is running
Info (17049): 5 registers lost all their fanouts during netlist optimizations.
Info (144001): Generated suppressed messages file C:/Users/jared/Desktop/Fall 2024/ECE-3710/Quartas/VGA/output_files/VGA.map.smsg
Info (16010): Generating hard_block partition "hard_block:auto_generated_inst"
    Info (16011): Adding 0 node(s), including 0 DDIO, 0 PLL, 0 transceiver and 0 LCELL
Warning (21074): Design contains 3 input pin(s) that do not drive logic
    Warning (15610): No output dependent on input pin "Rs" File: C:/Users/jared/Desktop/Fall 2024/ECE-3710/Quartas/VGA/VGA.v Line: 4
    Warning (15610): No output dependent on input pin "Gs" File: C:/Users/jared/Desktop/Fall 2024/ECE-3710/Quartas/VGA/VGA.v Line: 4
    Warning (15610): No output dependent on input pin "Bs" File: C:/Users/jared/Desktop/Fall 2024/ECE-3710/Quartas/VGA/VGA.v Line: 4
Info (21057): Implemented 144 device resources after synthesis - the final resource count might be different
    Info (21058): Implemented 8 input pins
    Info (21059): Implemented 42 output pins
    Info (21061): Implemented 94 logic cells
Info: Quartus Prime Analysis & Synthesis was successful. 0 errors, 9 warnings
    Info: Peak virtual memory: 4868 megabytes
    Info: Processing ended: Fri Sep 27 09:05:28 2024
    Info: Elapsed time: 00:00:06
    Info: Total CPU time (on all processors): 00:00:09


+------------------------------------------+
; Analysis & Synthesis Suppressed Messages ;
+------------------------------------------+
The suppressed messages can be found in C:/Users/jared/Desktop/Fall 2024/ECE-3710/Quartas/VGA/output_files/VGA.map.smsg.


