------------------------------------------------------------
Timing Analyzer Summary
------------------------------------------------------------

Type  : Slow 1100mV 85C Model Setup 'clk50Mhz'
Slack : -3.970
TNS   : -42.397

Type  : Slow 1100mV 85C Model Setup 'vgaControl:vgaController|clock_divider_25mhz:clkDiv|clk25Mhz'
Slack : -2.220
TNS   : -99.154

Type  : Slow 1100mV 85C Model Hold 'vgaControl:vgaController|clock_divider_25mhz:clkDiv|clk25Mhz'
Slack : 0.299
TNS   : 0.000

Type  : Slow 1100mV 85C Model Hold 'clk50Mhz'
Slack : 0.364
TNS   : 0.000

Type  : Slow 1100mV 85C Model Minimum Pulse Width 'clk50Mhz'
Slack : -0.850
TNS   : -17.035

Type  : Slow 1100mV 85C Model Minimum Pulse Width 'vgaControl:vgaController|clock_divider_25mhz:clkDiv|clk25Mhz'
Slack : -0.394
TNS   : -25.199

Type  : Slow 1100mV 0C Model Setup 'clk50Mhz'
Slack : -3.870
TNS   : -42.349

Type  : Slow 1100mV 0C Model Setup 'vgaControl:vgaController|clock_divider_25mhz:clkDiv|clk25Mhz'
Slack : -2.279
TNS   : -99.304

Type  : Slow 1100mV 0C Model Hold 'vgaControl:vgaController|clock_divider_25mhz:clkDiv|clk25Mhz'
Slack : 0.296
TNS   : 0.000

Type  : Slow 1100mV 0C Model Hold 'clk50Mhz'
Slack : 0.377
TNS   : 0.000

Type  : Slow 1100mV 0C Model Minimum Pulse Width 'clk50Mhz'
Slack : -0.852
TNS   : -18.349

Type  : Slow 1100mV 0C Model Minimum Pulse Width 'vgaControl:vgaController|clock_divider_25mhz:clkDiv|clk25Mhz'
Slack : -0.394
TNS   : -25.060

Type  : Fast 1100mV 85C Model Setup 'clk50Mhz'
Slack : -3.115
TNS   : -15.289

Type  : Fast 1100mV 85C Model Setup 'vgaControl:vgaController|clock_divider_25mhz:clkDiv|clk25Mhz'
Slack : -0.956
TNS   : -38.030

Type  : Fast 1100mV 85C Model Hold 'vgaControl:vgaController|clock_divider_25mhz:clkDiv|clk25Mhz'
Slack : 0.104
TNS   : 0.000

Type  : Fast 1100mV 85C Model Hold 'clk50Mhz'
Slack : 0.178
TNS   : 0.000

Type  : Fast 1100mV 85C Model Minimum Pulse Width 'clk50Mhz'
Slack : -0.757
TNS   : -3.817

Type  : Fast 1100mV 85C Model Minimum Pulse Width 'vgaControl:vgaController|clock_divider_25mhz:clkDiv|clk25Mhz'
Slack : 0.116
TNS   : 0.000

Type  : Fast 1100mV 0C Model Setup 'clk50Mhz'
Slack : -2.708
TNS   : -12.686

Type  : Fast 1100mV 0C Model Setup 'vgaControl:vgaController|clock_divider_25mhz:clkDiv|clk25Mhz'
Slack : -0.852
TNS   : -33.441

Type  : Fast 1100mV 0C Model Hold 'vgaControl:vgaController|clock_divider_25mhz:clkDiv|clk25Mhz'
Slack : 0.088
TNS   : 0.000

Type  : Fast 1100mV 0C Model Hold 'clk50Mhz'
Slack : 0.170
TNS   : 0.000

Type  : Fast 1100mV 0C Model Minimum Pulse Width 'clk50Mhz'
Slack : -0.725
TNS   : -3.731

Type  : Fast 1100mV 0C Model Minimum Pulse Width 'vgaControl:vgaController|clock_divider_25mhz:clkDiv|clk25Mhz'
Slack : 0.130
TNS   : 0.000

------------------------------------------------------------
